// Jest Snapshot v1, https://goo.gl/fbAQLP

exports[`App should match snapshot when all data is passed correctly 1`] = `
<div
  className="App"
>
  <Login
    loginDisplay={true}
    toggleLogin={[Function]}
  />
</div>
`;
