// Jest Snapshot v1, https://goo.gl/fbAQLP

exports[`CartItem should match snapshot when all data is passed correctly 1`] = `
<section
  className="Single-product"
  id={10001}
>
  <div
    className="product-img"
  >
    <img
      src="10001.png"
    />
  </div>
  <div
    className="product-info"
  >
    <h4>
      Fireball
    </h4>
    <h5>
      Price Per: 
      <span>
        $
        18.78
      </span>
    </h5>
  </div>
  <div
    className="product-quantity"
  >
    <section
      className="quantity-amount"
    >
      <button
        onClick={[Function]}
      >
        <i
          className="fas fa-minus"
        />
      </button>
      <div
        className="amount"
      >
        0
      </div>
      <button
        onClick={[Function]}
      >
        <i
          className="fas fa-plus"
        />
      </button>
    </section>
    <section
      className="quantity-label"
    >
      <p>
        Current Quantity
      </p>
    </section>
  </div>
</section>
`;
