// Jest Snapshot v1, https://goo.gl/fbAQLP

exports[`Footer should match snapshot when all data is passed correctly 1`] = `
<div
  className="Footer"
>
  <p>
    Â© 2019
  </p>
</div>
`;
