// Jest Snapshot v1, https://goo.gl/fbAQLP

exports[`Inventory should match snapshot when all data is passed correctly 1`] = `
<div
  className="Inventory"
>
  <div
    className="Inventory-toggles"
  >
    <button
      className="toggle-select active"
      id="0"
      onClick={[Function]}
    >
      <h3>
        <i
          className="fas fa-beer"
        />
         Beer
      </h3>
    </button>
    <button
      className="toggle-select inactive"
      id="1"
      onClick={[Function]}
    >
      <h3>
        <i
          className="fas fa-glass-whiskey"
        />
         Liquor
      </h3>
    </button>
  </div>
  <div
    className="Category-display"
  >
    <ul />
  </div>
</div>
`;
