// Jest Snapshot v1, https://goo.gl/fbAQLP

exports[`InventoryCat should match snapshot when all data is passed correctly 1`] = `
<div
  className="liquorProd closed"
  onClick={[Function]}
>
  <li
    className="Category"
  >
    <h2
      className="Category-titles"
    >
      whiskey
    </h2>
  </li>
</div>
`;
