// Jest Snapshot v1, https://goo.gl/fbAQLP

exports[`Order should match snapshot when all data is passed correctly 1`] = `
<div
  className="Order-container"
>
  <form
    className="Order"
  >
    <h3
      className="order-quote"
    >
      Confirmation 
    </h3>
    <div
      className="order-form"
      id="myText"
    />
    <h3>
      Total $
      0.00
    </h3>
    <button
      className="order-button"
      onClick={[Function]}
    >
      Submit Order
    </button>
    <button
      className="back-button"
    >
      Back to Cart
    </button>
  </form>
</div>
`;
