// Jest Snapshot v1, https://goo.gl/fbAQLP

exports[`Totals should match snapshot when all data is passed correctly 1`] = `
<article
  className="Totals"
>
  <div
    className="total-label"
  >
    <h3>
      Current Order
    </h3>
  </div>
  <section
    className="cart-display"
  >
    <section
      className="cart-products"
      key="0"
    >
      <div
        className="item-product"
      >
        <h5>
          1 X 
          Fireball
        </h5>
      </div>
      <div
        className="item-price"
      >
        <h5>
          @ $
          18.78
        </h5>
      </div>
      <div
        className="item-delete"
      >
        <button
          onClick={[MockFunction]}
        >
          <i
            className="fas fa-times"
          />
        </button>
      </div>
    </section>
    <section
      className="cart-products"
      key="1"
    >
      <div
        className="item-product"
      >
        <h5>
          1 X 
          Jim Beam
        </h5>
      </div>
      <div
        className="item-price"
      >
        <h5>
          @ $
          16.99
        </h5>
      </div>
      <div
        className="item-delete"
      >
        <button
          onClick={[MockFunction]}
        >
          <i
            className="fas fa-times"
          />
        </button>
      </div>
    </section>
  </section>
  <div
    className="cost-container"
  >
    <section
      className="returns-cost"
    >
      <h2>
        Potential Returns*
      </h2>
      <h3>
        $
        116.16
      </h3>
    </section>
    <section
      className="total-cost"
    >
      <h2>
        Total Cost
      </h2>
      <h3>
        $
        35.77
      </h3>
    </section>
  </div>
</article>
`;
